Running sambay shard 2/4: 50 examples, 0 already done
[1/50] sample=2 pos=1174/1850 exact=0.0 pred='* 1000 | 407553'
[2/50] sample=6 pos=1298/1850 exact=0.0 pred='Mira Ortega 000 | 7605'
[3/50] sample=10 pos=198/1850 exact=0.0 pred='• 1064365'
[4/50] sample=14 pos=1595/1850 exact=0.0 pred='Jonas Rowan 000 | 515453'
[5/50] sample=18 pos=610/1850 exact=0.0 pred='• 1'
[6/50] sample=22 pos=1633/1850 exact=0.0 pred='Mira Rowan 000 | 60991'
[7/50] sample=26 pos=316/1850 exact=0.0 pred='• 1'
[8/50] sample=30 pos=385/1850 exact=0.0 pred='* 100000000000'
[9/50] sample=34 pos=1016/1850 exact=0.0 pred='• 1'
[10/50] sample=38 pos=1254/1850 exact=0.0 pred='* 100000000000'
[11/50] sample=42 pos=430/1850 exact=0.0 pred='* 100000000000'
[12/50] sample=46 pos=1402/1850 exact=0.0 pred='• 1'
[13/50] sample=50 pos=1734/1850 exact=0.0 pred='Mira Lennox 000 | 4654'
[14/50] sample=54 pos=1447/1850 exact=0.0 pred='• 100000000000'
[15/50] sample=58 pos=835/1850 exact=0.0 pred='1. 100000000000'
[16/50] sample=62 pos=1544/1850 exact=0.0 pred='* 100000000000'
[17/50] sample=66 pos=466/1850 exact=0.0 pred='* 1000 | 100000'
[18/50] sample=70 pos=1686/1850 exact=0.0 pred='• 1'
[19/50] sample=74 pos=1439/1850 exact=0.0 pred='Rhea 000 | 687053'
[20/50] sample=78 pos=792/1850 exact=0.0 pred='• 1929853'
[21/50] sample=82 pos=323/1850 exact=0.0 pred='• 1097767'
[22/50] sample=86 pos=982/1850 exact=0.0 pred='1. 100000000000'
[23/50] sample=90 pos=517/1850 exact=0.0 pred='1. 100000000000'
[24/50] sample=94 pos=776/1850 exact=0.0 pred='• 100000000000'
[25/50] sample=98 pos=865/1850 exact=0.0 pred='• 100000000000'
[26/50] sample=102 pos=342/1850 exact=0.0 pred='Gideon 001 | 678796'
[27/50] sample=106 pos=1169/1850 exact=0.0 pred='• 1'
[28/50] sample=110 pos=863/1850 exact=0.0 pred='• 100000000000'
[29/50] sample=114 pos=108/1850 exact=0.0 pred='• 100000000000'
[30/50] sample=118 pos=1444/1850 exact=0.0 pred='• 1'
[31/50] sample=122 pos=1657/1850 exact=0.0 pred='* 1000 | 680650'
[32/50] sample=126 pos=447/1850 exact=0.0 pred='* 100000000000'
[33/50] sample=130 pos=638/1850 exact=0.0 pred='• 1'
[34/50] sample=134 pos=1614/1850 exact=0.0 pred='Jonas Rowan 000 | 59347'
[35/50] sample=138 pos=808/1850 exact=0.0 pred='1. 1853435'
[36/50] sample=142 pos=1594/1850 exact=0.0 pred='• 1'
[37/50] sample=146 pos=1571/1850 exact=0.0 pred='1. 100000000000'
[38/50] sample=150 pos=453/1850 exact=0.0 pred='1. 100000000000'
[39/50] sample=154 pos=1275/1850 exact=0.0 pred='• 100000000000'
[40/50] sample=158 pos=368/1850 exact=0.0 pred='• 10000000'
[41/50] sample=162 pos=562/1850 exact=0.0 pred='• 100000000000'
[42/50] sample=166 pos=308/1850 exact=0.0 pred='• 100000000000'
[43/50] sample=170 pos=1399/1850 exact=0.0 pred='1. Zane Hale 000 | 726'
[44/50] sample=174 pos=940/1850 exact=0.0 pred='• 10000000'
[45/50] sample=178 pos=538/1850 exact=0.0 pred='1. 100000000000'
[46/50] sample=182 pos=530/1850 exact=0.0 pred='1. 100000000000'
[47/50] sample=186 pos=1307/1850 exact=0.0 pred='• 1'
[48/50] sample=190 pos=1218/1850 exact=0.0 pred='1. Wade Vale 000 | 641'
[49/50] sample=194 pos=817/1850 exact=0.0 pred='• 100000000000'
[50/50] sample=198 pos=405/1850 exact=0.0 pred='1. 100000000000'
