Running sambay shard 0/4: 50 examples, 0 already done
[1/50] sample=0 pos=1540/1850 exact=0.0 pred='• 100000000000'
[2/50] sample=4 pos=1848/1850 exact=0.0 pred='1. Amara Dunley 001 | 377'
[3/50] sample=8 pos=1531/1850 exact=0.0 pred='Mira Dunley 001 | 49287'
[4/50] sample=12 pos=1718/1850 exact=0.0 pred='1. 100000000000'
[5/50] sample=16 pos=1552/1850 exact=0.0 pred='• 100000000000'
[6/50] sample=20 pos=1404/1850 exact=0.0 pred='• 1'
[7/50] sample=24 pos=1642/1850 exact=0.0 pred='• 1'
[8/50] sample=28 pos=436/1850 exact=0.0 pred='• 10000000'
[9/50] sample=32 pos=297/1850 exact=0.0 pred='Mira Rowan 000 | 60991'
[10/50] sample=36 pos=6/1850 exact=0.0 pred='• 1'
[11/50] sample=40 pos=373/1850 exact=0.0 pred='1. Daria Keller 000 | 432'
[12/50] sample=44 pos=1683/1850 exact=0.0 pred='* 100000000000'
[13/50] sample=48 pos=247/1850 exact=0.0 pred='• 100000000000'
[14/50] sample=52 pos=855/1850 exact=0.0 pred='• 1'
[15/50] sample=56 pos=699/1850 exact=0.0 pred='1. 100000000000'
[16/50] sample=60 pos=1685/1850 exact=0.0 pred='• 1'
[17/50] sample=64 pos=1683/1850 exact=0.0 pred='• 1'
[18/50] sample=68 pos=1013/1850 exact=0.0 pred='1. 100000000000'
[19/50] sample=72 pos=1104/1850 exact=0.0 pred='Gideon Frost 001 | 3231'
[20/50] sample=76 pos=1076/1850 exact=0.0 pred='* 100000000000'
[21/50] sample=80 pos=120/1850 exact=0.0 pred='1. 100% 001'
[22/50] sample=84 pos=672/1850 exact=0.0 pred='• 100000000000'
[23/50] sample=88 pos=1128/1850 exact=0.0 pred='* 1000 | 100000'
[24/50] sample=92 pos=654/1850 exact=0.0 pred='Celine Ortega 001 | 1704'
[25/50] sample=96 pos=1284/1850 exact=0.0 pred='Jonas Lennox 000 | 3426'
[26/50] sample=100 pos=654/1850 exact=0.0 pred='• 1'
[27/50] sample=104 pos=650/1850 exact=0.0 pred='1. 100000000000'
[28/50] sample=108 pos=1183/1850 exact=0.0 pred='• 100000000000'
[29/50] sample=112 pos=1829/1850 exact=0.0 pred='* 100000000000'
[30/50] sample=116 pos=817/1850 exact=0.0 pred='1. 100000000000'
[31/50] sample=120 pos=43/1850 exact=0.0 pred='1. Iris Zimmer 000 | 665'
[32/50] sample=124 pos=1444/1850 exact=0.0 pred='* 100000000000'
[33/50] sample=128 pos=859/1850 exact=0.0 pred='* 100000000000'
[34/50] sample=132 pos=1254/1850 exact=0.0 pred='1. 100000000000'
[35/50] sample=136 pos=354/1850 exact=0.0 pred='• 1'
[36/50] sample=140 pos=1802/1850 exact=0.0 pred='• 1'
[37/50] sample=144 pos=1153/1850 exact=0.0 pred='1. 100000000000'
[38/50] sample=148 pos=1251/1850 exact=0.0 pred='• 100000000000'
[39/50] sample=152 pos=1456/1850 exact=0.0 pred='* 100000000000'
[40/50] sample=156 pos=416/1850 exact=0.0 pred='Jonas Dunley 001 | 226290'
[41/50] sample=160 pos=1635/1850 exact=0.0 pred='• 1'
[42/50] sample=164 pos=175/1850 exact=0.0 pred='1. 100000000000'
[43/50] sample=168 pos=1671/1850 exact=0.0 pred='• 100000000000'
[44/50] sample=172 pos=537/1850 exact=0.0 pred='• 100000000000'
[45/50] sample=176 pos=1357/1850 exact=0.0 pred='• 1'
[46/50] sample=180 pos=657/1850 exact=0.0 pred='• 100000000000'
[47/50] sample=184 pos=837/1850 exact=0.0 pred='• 1'
[48/50] sample=188 pos=1288/1850 exact=0.0 pred='1. 100% 000'
[49/50] sample=192 pos=353/1850 exact=0.0 pred='Jonas Dunley 000 | 22408'
[50/50] sample=196 pos=1175/1850 exact=0.0 pred='• 1'
