Running sambay shard 1/4: 50 examples, 0 already done
[1/50] sample=1 pos=1081/1850 exact=0.0 pred='Celine Quincy 000 | 1515'
[2/50] sample=5 pos=483/1850 exact=0.0 pred='* 100000000000'
[3/50] sample=9 pos=1487/1850 exact=0.0 pred='* 100000000000'
[4/50] sample=13 pos=1753/1850 exact=0.0 pred='• 1'
[5/50] sample=17 pos=1730/1850 exact=0.0 pred='1. 1000 | 345080'
[6/50] sample=21 pos=1760/1850 exact=0.0 pred='• 1000 Wade Marlow 000'
[7/50] sample=25 pos=1351/1850 exact=0.0 pred='• 1'
[8/50] sample=29 pos=948/1850 exact=0.0 pred='• 100000000000'
[9/50] sample=33 pos=229/1850 exact=0.0 pred='• 1'
[10/50] sample=37 pos=49/1850 exact=0.0 pred='* 100000000000'
[11/50] sample=41 pos=343/1850 exact=0.0 pred='Gideon Drake 000 | 1606'
[12/50] sample=45 pos=444/1850 exact=0.0 pred='1. 100000000000'
[13/50] sample=49 pos=1784/1850 exact=0.0 pred='* 1929854'
[14/50] sample=53 pos=488/1850 exact=0.0 pred='• 100000000000'
[15/50] sample=57 pos=781/1850 exact=0.0 pred='• 100000000000'
[16/50] sample=61 pos=80/1850 exact=0.0 pred='Jonas Zimmer 001 | 04484'
[17/50] sample=65 pos=1415/1850 exact=0.0 pred='1. 100000000000'
[18/50] sample=69 pos=27/1850 exact=0.0 pred='1. 1000 | 223751'
[19/50] sample=73 pos=1547/1850 exact=0.0 pred='• 1'
[20/50] sample=77 pos=419/1850 exact=0.0 pred='Gideon Granger 001 | 7315'
[21/50] sample=81 pos=24/1850 exact=0.0 pred='• 1'
[22/50] sample=85 pos=488/1850 exact=0.0 pred='• 1'
[23/50] sample=89 pos=870/1850 exact=0.0 pred='1. 1000 000'
[24/50] sample=93 pos=830/1850 exact=0.0 pred='1. 100000000000'
[25/50] sample=97 pos=1798/1850 exact=0.0 pred='1. 100000000000'
[26/50] sample=101 pos=1100/1850 exact=0.0 pred='1. 1000 | 1000 |'
[27/50] sample=105 pos=124/1850 exact=0.0 pred='Gideon Farrow 001 | 2042'
[28/50] sample=109 pos=1817/1850 exact=0.0 pred='• 1'
[29/50] sample=113 pos=1023/1850 exact=0.0 pred='• 1000 | 413966'
[30/50] sample=117 pos=342/1850 exact=0.0 pred='1. Zane Dunley 000 | 568'
[31/50] sample=121 pos=599/1850 exact=0.0 pred='1. Daria Marlow 001 | 174'
[32/50] sample=125 pos=1031/1850 exact=0.0 pred='• 1000 | 1000 |'
[33/50] sample=129 pos=28/1850 exact=0.0 pred='• 1'
[34/50] sample=133 pos=1095/1850 exact=0.0 pred='Gideon Dunley 000 | 1820'
[35/50] sample=137 pos=74/1850 exact=0.0 pred='1. 100000000000'
[36/50] sample=141 pos=1146/1850 exact=0.0 pred='• 1000 | 000000'
[37/50] sample=145 pos=1189/1850 exact=0.0 pred='* 1000 | 239025'
[38/50] sample=149 pos=1693/1850 exact=0.0 pred='• 1'
[39/50] sample=153 pos=575/1850 exact=0.0 pred='Gideon Frost 001 | 1963'
[40/50] sample=157 pos=1581/1850 exact=0.0 pred='1. 100000000000'
[41/50] sample=161 pos=1454/1850 exact=0.0 pred='1. 100000000000'
[42/50] sample=165 pos=965/1850 exact=0.0 pred='Gideon Dunley 000 | 2286'
[43/50] sample=169 pos=1350/1850 exact=0.0 pred='1. Daria Marlow 000 | 158'
[44/50] sample=173 pos=1780/1850 exact=0.0 pred='• 1'
[45/50] sample=177 pos=655/1850 exact=0.0 pred='Mira Zimmer 000 | 21187'
[46/50] sample=181 pos=424/1850 exact=0.0 pred='1. 100000000000'
[47/50] sample=185 pos=1244/1850 exact=0.0 pred='• 100000000000'
[48/50] sample=189 pos=1409/1850 exact=0.0 pred='• 100000000000'
[49/50] sample=193 pos=593/1850 exact=0.0 pred='1. 100000000000'
[50/50] sample=197 pos=1400/1850 exact=0.0 pred='• 100000000000'
