Running sambay shard 3/4: 50 examples, 0 already done
[1/50] sample=3 pos=1/1850 exact=0.0 pred='Jonas Keller 000 | 40878'
[2/50] sample=7 pos=722/1850 exact=0.0 pred='• 1'
[3/50] sample=11 pos=883/1850 exact=0.0 pred='1. 100000000000'
[4/50] sample=15 pos=1592/1850 exact=0.0 pred='• 100000000000'
[5/50] sample=19 pos=345/1850 exact=0.0 pred='• 100000000000'
[6/50] sample=23 pos=1539/1850 exact=0.0 pred='Gideon Ellis 000 | 3834'
[7/50] sample=27 pos=654/1850 exact=0.0 pred='• 1'
[8/50] sample=31 pos=219/1850 exact=0.0 pred='1. 100000000000'
[9/50] sample=35 pos=1682/1850 exact=0.0 pred='1. Daria Quincy 000 | 22'
[10/50] sample=39 pos=1074/1850 exact=0.0 pred='* 10000000'
[11/50] sample=43 pos=1173/1850 exact=0.0 pred='• 1'
[12/50] sample=47 pos=1010/1850 exact=0.0 pred='• 100000000000'
[13/50] sample=51 pos=438/1850 exact=0.0 pred='• 100000000000'
[14/50] sample=55 pos=495/1850 exact=0.0 pred='• 100000000000'
[15/50] sample=59 pos=1132/1850 exact=0.0 pred='• 100000000000'
[16/50] sample=63 pos=1284/1850 exact=0.0 pred='1. 100000000000'
[17/50] sample=67 pos=1833/1850 exact=0.0 pred='Jonas Abbott 000 | 09027'
[18/50] sample=71 pos=1125/1850 exact=0.0 pred='• 1'
[19/50] sample=75 pos=241/1850 exact=0.0 pred='* 1000 | 296315'
[20/50] sample=79 pos=137/1850 exact=0.0 pred='1. 100000000000'
[21/50] sample=83 pos=472/1850 exact=0.0 pred='• 100000000000'
[22/50] sample=87 pos=248/1850 exact=0.0 pred='• 1'
[23/50] sample=91 pos=333/1850 exact=0.0 pred='* 1000 | 100000'
[24/50] sample=95 pos=1203/1850 exact=0.0 pred='1. Zane Ashford 000 | 485'
[25/50] sample=99 pos=1557/1850 exact=0.0 pred='• 100000000000'
[26/50] sample=103 pos=41/1850 exact=0.0 pred='• 1'
[27/50] sample=107 pos=140/1850 exact=0.0 pred='• 100000000000'
[28/50] sample=111 pos=549/1850 exact=0.0 pred='• 1'
[29/50] sample=115 pos=1442/1850 exact=0.0 pred='1. Amara Sterling 000 | 384'
[30/50] sample=119 pos=720/1850 exact=0.0 pred='Gideon Zimmer 000 | 2195'
[31/50] sample=123 pos=1208/1850 exact=0.0 pred='• 1'
[32/50] sample=127 pos=405/1850 exact=0.0 pred='• 1'
[33/50] sample=131 pos=424/1850 exact=0.0 pred='1. Iris Lennox 001 | 16'
[34/50] sample=135 pos=493/1850 exact=0.0 pred='• 100000000000'
[35/50] sample=139 pos=918/1850 exact=0.0 pred='Mira Norwood 000 | 37500'
[36/50] sample=143 pos=690/1850 exact=0.0 pred='Celine Jensen 000 | 18780'
[37/50] sample=147 pos=690/1850 exact=0.0 pred='• 100000000000'
[38/50] sample=151 pos=1744/1850 exact=0.0 pred='• 100000000000'
[39/50] sample=155 pos=1448/1850 exact=0.0 pred='• 1'
[40/50] sample=159 pos=364/1850 exact=0.0 pred='• 100000000000'
[41/50] sample=163 pos=1754/1850 exact=0.0 pred='Jonas Briar 000 | 28779'
[42/50] sample=167 pos=285/1850 exact=0.0 pred='1. 100000000000'
[43/50] sample=171 pos=1730/1850 exact=0.0 pred='• 100000000000'
[44/50] sample=175 pos=466/1850 exact=0.0 pred='• 100000000000'
[45/50] sample=179 pos=1374/1850 exact=0.0 pred='• 1000 | 100000'
[46/50] sample=183 pos=1500/1850 exact=0.0 pred='1. 100000000000'
[47/50] sample=187 pos=182/1850 exact=0.0 pred='• 1'
[48/50] sample=191 pos=810/1850 exact=0.0 pred='• 100000000000'
[49/50] sample=195 pos=991/1850 exact=0.0 pred='• 10000000'
[50/50] sample=199 pos=848/1850 exact=0.0 pred='Mira Briar 000 | 1748'
